============================= test session starts =============================
platform win32 -- Python 3.13.3, pytest-9.0.2, pluggy-1.6.0 -- C:\Users\hugue\AppData\Local\Programs\Python\Python313\python.exe
cachedir: .pytest_cache
rootdir: D:\Vectra\backend
configfile: pytest.ini
plugins: anyio-4.10.0, asyncio-1.3.0, cov-7.0.0, mock-3.15.1
asyncio: mode=Mode.AUTO, debug=False, asyncio_default_fixture_loop_scope=None, asyncio_default_test_loop_scope=function
collecting ... collected 6 items

backend\tests\core\test_settings.py::TestSettingsCore::test_settings_defaults_development FAILED [ 16%]
backend\tests\core\test_settings.py::TestSettingsCore::test_production_validation_missing_secrets PASSED [ 33%]
backend\tests\core\test_settings.py::TestSettingsCore::test_production_validation_default_db FAILED [ 50%]
backend\tests\core\test_settings.py::TestSettingsCore::test_windows_db_url_fixer PASSED [ 66%]
backend\tests\core\test_settings.py::TestSettingsCore::test_windows_qdrant_host_fixer PASSED [ 83%]
backend\tests\core\test_settings.py::TestSettingsCore::test_provider_dependency_validation PASSED [100%]

================================== FAILURES ===================================
_____________ TestSettingsCore.test_settings_defaults_development _____________

self = <test_settings.TestSettingsCore object at 0x0000021A0F1D11D0>

    def test_settings_defaults_development(self):
        """Happy Path: Verify settings load with defaults in development."""
        settings = Settings(ENV="development")
        assert settings.ENV == "development"
>       assert settings.DEBUG is False
E       AssertionError: assert True is False
E        +  where True = Settings(ENV='development', DEBUG=True, DB_ECHO=False, DATABASE_URL='postgresql+asyncpg://vectra:vectra@127.0.0.1:5432/vectra', DB_POOL_SIZE=20, DB_MAX_OVERFLOW=10, DB_POOL_RECYCLE=3600, SECRET_KEY='e9cd5570a4d033aca8b93467e688d710dfb031c66ad1b43e5969b5129ef26f49', WORKER_SECRET='95950fa8098a1f7eb9c56dee60da5c7080bd9070d7614bd44bc02c9e936c04ad', QDRANT_HOST='127.0.0.1', QDRANT_API_KEY='c7-xIoFufnCRm_E8XT1nVpAsTDqqnXbP8t3oEu1qr84', REDIS_HOST='localhost', REDIS_PORT=6379, REDIS_PASSWORD='vectra_redis_2024', REDIS_DB=0, REDIS_CACHE_TTL=86400, SEMANTIC_CACHE_SIMILARITY_THRESHOLD=0.9, GEMINI_API_KEY='AIzaSyBDtv2c_m9lT-5RsdqRorP3w2rGxogzXuE', OPENAI_API_KEY='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', COHERE_API_KEY='F2hXX6fMlUCCB78BnRh2L6LePPE3ykKoysuTWvX4', MISTRAL_API_KEY=None, LOG_LEVEL='DEBUG', EMBEDDING_PROVIDER='gemini', GEMINI_EMBEDDING_MODEL='models/text-embedding-004', GEMINI_TRANSCRIPTION_MODEL='gemini-2.5-flash', GEMINI_CHAT_MODEL='gemini-1.5-flash-latest', ENABLE_PHOENIX_TRACING=False, ENABLE_TRENDING=True, LOG_RETENTION_DAYS=30, FIRST_SUPERUSER='admin@vectra.ai', FIRST_SUPERUSER_PASSWORD='vectra123!').DEBUG

backend\tests\core\test_settings.py:13: AssertionError
___________ TestSettingsCore.test_production_validation_default_db ____________

self = <test_settings.TestSettingsCore object at 0x0000021A0F1DDBA0>

    def test_production_validation_default_db(self):
        """Worst Case: Verify production fails if default DATABASE_URL is used."""
        with pytest.raises(ValueError, match="Default local DATABASE_URL detected"):
>           Settings(
                ENV="production",
                SECRET_KEY="very-long-and-secure-production-secret-key",
                WORKER_SECRET="another-very-secure-worker-secret-key",
                FIRST_SUPERUSER_PASSWORD="strong-password-123",
                DATABASE_URL="postgresql+asyncpg://vectra:vectra@localhost:5432/vectra",
            )

backend\tests\core\test_settings.py:26: 
_ _ _ _ _ _ _ _ _ _ _ _ _ _ _ _ _ _ _ _ _ _ _ _ _ _ _ _ _ _ _ _ _ _ _ _ _ _ _ _

__pydantic_self__ = Settings(ENV='production', DEBUG=True, DB_ECHO=False, DATABASE_URL='postgresql+asyncpg://vectra:vectra@127.0.0.1:5432/...RENDING=True, LOG_RETENTION_DAYS=30, FIRST_SUPERUSER='admin@vectra.ai', FIRST_SUPERUSER_PASSWORD='strong-password-123')
_case_sensitive = None, _nested_model_default_partial_update = None
_env_prefix = None, _env_file = WindowsPath('.'), _env_file_encoding = None
_env_ignore_empty = None, _env_nested_delimiter = None
_env_nested_max_split = None, _env_parse_none_str = None
_env_parse_enums = None, _cli_prog_name = None, _cli_parse_args = None
_cli_settings_source = None, _cli_parse_none_str = None
_cli_hide_none_type = None, _cli_avoid_json = None, _cli_enforce_required = None
_cli_use_class_docs_for_groups = None, _cli_exit_on_error = None
_cli_prefix = None, _cli_flag_prefix_char = None, _cli_implicit_flags = None
_cli_ignore_unknown_args = None, _cli_kebab_case = None, _cli_shortcuts = None
_secrets_dir = None
values = {'DATABASE_URL': 'postgresql+asyncpg://vectra:vectra@localhost:5432/vectra', 'ENV': 'production', 'FIRST_SUPERUSER_PASSWORD': 'strong-password-123', 'SECRET_KEY': 'very-long-and-secure-production-secret-key', ...}

    def __init__(
        __pydantic_self__,
        _case_sensitive: bool | None = None,
        _nested_model_default_partial_update: bool | None = None,
        _env_prefix: str | None = None,
        _env_file: DotenvType | None = ENV_FILE_SENTINEL,
        _env_file_encoding: str | None = None,
        _env_ignore_empty: bool | None = None,
        _env_nested_delimiter: str | None = None,
        _env_nested_max_split: int | None = None,
        _env_parse_none_str: str | None = None,
        _env_parse_enums: bool | None = None,
        _cli_prog_name: str | None = None,
        _cli_parse_args: bool | list[str] | tuple[str, ...] | None = None,
        _cli_settings_source: CliSettingsSource[Any] | None = None,
        _cli_parse_none_str: str | None = None,
        _cli_hide_none_type: bool | None = None,
        _cli_avoid_json: bool | None = None,
        _cli_enforce_required: bool | None = None,
        _cli_use_class_docs_for_groups: bool | None = None,
        _cli_exit_on_error: bool | None = None,
        _cli_prefix: str | None = None,
        _cli_flag_prefix_char: str | None = None,
        _cli_implicit_flags: bool | None = None,
        _cli_ignore_unknown_args: bool | None = None,
        _cli_kebab_case: bool | Literal['all', 'no_enums'] | None = None,
        _cli_shortcuts: Mapping[str, str | list[str]] | None = None,
        _secrets_dir: PathType | None = None,
        **values: Any,
    ) -> None:
>       super().__init__(
            **__pydantic_self__._settings_build_values(
                values,
                _case_sensitive=_case_sensitive,
                _nested_model_default_partial_update=_nested_model_default_partial_update,
                _env_prefix=_env_prefix,
                _env_file=_env_file,
                _env_file_encoding=_env_file_encoding,
                _env_ignore_empty=_env_ignore_empty,
                _env_nested_delimiter=_env_nested_delimiter,
                _env_nested_max_split=_env_nested_max_split,
                _env_parse_none_str=_env_parse_none_str,
                _env_parse_enums=_env_parse_enums,
                _cli_prog_name=_cli_prog_name,
                _cli_parse_args=_cli_parse_args,
                _cli_settings_source=_cli_settings_source,
                _cli_parse_none_str=_cli_parse_none_str,
                _cli_hide_none_type=_cli_hide_none_type,
                _cli_avoid_json=_cli_avoid_json,
                _cli_enforce_required=_cli_enforce_required,
                _cli_use_class_docs_for_groups=_cli_use_class_docs_for_groups,
                _cli_exit_on_error=_cli_exit_on_error,
                _cli_prefix=_cli_prefix,
                _cli_flag_prefix_char=_cli_flag_prefix_char,
                _cli_implicit_flags=_cli_implicit_flags,
                _cli_ignore_unknown_args=_cli_ignore_unknown_args,
                _cli_kebab_case=_cli_kebab_case,
                _cli_shortcuts=_cli_shortcuts,
                _secrets_dir=_secrets_dir,
            )
        )
E       pydantic_core._pydantic_core.ValidationError: 1 validation error for Settings
E         Value error, DEBUG must be False in production. [type=value_error, input_value={'DEBUG': 'true', 'DB_POO...: 'strong-password-123'}, input_type=dict]
E           For further information visit https://errors.pydantic.dev/2.12/v/value_error

C:\Users\hugue\AppData\Local\Programs\Python\Python313\Lib\site-packages\pydantic_settings\main.py:194: ValidationError

During handling of the above exception, another exception occurred:

self = <test_settings.TestSettingsCore object at 0x0000021A0F1DDBA0>

    def test_production_validation_default_db(self):
        """Worst Case: Verify production fails if default DATABASE_URL is used."""
>       with pytest.raises(ValueError, match="Default local DATABASE_URL detected"):
             ^^^^^^^^^^^^^^^^^^^^^^^^^^^^^^^^^^^^^^^^^^^^^^^^^^^^^^^^^^^^^^^^^^^^^^
E       AssertionError: Regex pattern did not match.
E         Expected regex: 'Default local DATABASE_URL detected'
E         Actual message: "1 validation error for Settings\n  Value error, DEBUG must be False in production. [type=value_error, input_value={'DEBUG': 'true', 'DB_POO...: 'strong-password-123'}, input_type=dict]\n    For further information visit https://errors.pydantic.dev/2.12/v/value_error"

backend\tests\core\test_settings.py:25: AssertionError
=========================== short test summary info ===========================
FAILED backend\tests\core\test_settings.py::TestSettingsCore::test_settings_defaults_development
FAILED backend\tests\core\test_settings.py::TestSettingsCore::test_production_validation_default_db
========================= 2 failed, 4 passed in 0.20s =========================
